// Jest Snapshot v1, https://goo.gl/fbAQLP

exports[`Test to GifItem debe hacer match con el snapshot 1`] = `
<div>
  <div
    class="card"
  >
    <img
      alt="Saitama"
      src="https://iasbdfasd.com/asbdfas.gif"
    />
    <p>
      Saitama
    </p>
  </div>
</div>
`;
